// Jest Snapshot v1, https://goo.gl/fbAQLP

exports[`BoxCarousel renders correctly 1`] = `
<View
  style={
    {
      "marginTop": 50,
      "width": "100%",
    }
  }
>
  <RCTScrollView
    horizontal={true}
    style={
      {
        "backgroundColor": "#fff",
        "height": "auto",
        "paddingBottom": 20,
        "paddingTop": 20,
        "width": "100%",
      }
    }
  >
    <View>
      <View
        style={
          {
            "backgroundColor": "#fff",
            "borderRadius": 10,
            "elevation": 16,
            "height": 250,
            "marginBottom": 40,
            "marginLeft": 20,
            "marginRight": 20,
            "shadowColor": "#000",
            "shadowOffset": {
              "height": 8,
              "width": 0,
            },
            "shadowOpacity": 0.44,
            "shadowRadius": 10.32,
            "width": 320,
          }
        }
        testID="feature-box"
      >
        <View
          accessibilityIgnoresInvertColors={true}
          style={
            {
              "alignItems": "flex-start",
              "borderRadius": 10,
              "display": "flex",
              "height": "100%",
              "justifyContent": "space-around",
              "width": "100%",
            }
          }
        >
          <Image
            source={1}
            style={
              [
                {
                  "bottom": 0,
                  "left": 0,
                  "position": "absolute",
                  "right": 0,
                  "top": 0,
                },
                {
                  "height": "100%",
                  "width": "100%",
                },
                {
                  "borderRadius": 10,
                },
              ]
            }
          />
          <Text
            style={
              {
                "color": "rgb(33,33,43)",
                "fontSize": 24,
                "fontWeight": "900",
                "marginLeft": 10,
              }
            }
          >
            Rozwiązania Zadań
          </Text>
          <Text
            style={
              {
                "color": "rgb(33,33,43)",
                "fontSize": 18,
                "marginLeft": 10,
              }
            }
          >
            Najlepsze rozwiązania zadań. Wszystkie podręcziki i sprawdzone odpowiedzi przez ekspertów i specjalną sztuczną inteligencję
          </Text>
          <View
            accessibilityState={
              {
                "busy": undefined,
                "checked": undefined,
                "disabled": undefined,
                "expanded": undefined,
                "selected": undefined,
              }
            }
            accessibilityValue={
              {
                "max": undefined,
                "min": undefined,
                "now": undefined,
                "text": undefined,
              }
            }
            accessible={true}
            collapsable={false}
            focusable={true}
            onClick={[Function]}
            onResponderGrant={[Function]}
            onResponderMove={[Function]}
            onResponderRelease={[Function]}
            onResponderTerminate={[Function]}
            onResponderTerminationRequest={[Function]}
            onStartShouldSetResponder={[Function]}
            style={
              {
                "alignItems": "center",
                "backgroundColor": "rgb(33,33,43)",
                "borderRadius": 10,
                "display": "flex",
                "height": 50,
                "justifyContent": "center",
                "marginLeft": 10,
                "opacity": 1,
                "width": 120,
              }
            }
          >
            <Text
              style={
                {
                  "color": "#fff",
                  "fontSize": 20,
                  "fontWeight": "700",
                }
              }
            >
              Zobacz
            </Text>
          </View>
        </View>
      </View>
      <View
        style={
          {
            "backgroundColor": "#fff",
            "borderRadius": 10,
            "elevation": 16,
            "height": 250,
            "marginBottom": 40,
            "marginLeft": 20,
            "marginRight": 20,
            "shadowColor": "#000",
            "shadowOffset": {
              "height": 8,
              "width": 0,
            },
            "shadowOpacity": 0.44,
            "shadowRadius": 10.32,
            "width": 320,
          }
        }
        testID="feature-box"
      >
        <View
          accessibilityIgnoresInvertColors={true}
          style={
            {
              "alignItems": "flex-start",
              "borderRadius": 10,
              "display": "flex",
              "height": "100%",
              "justifyContent": "space-around",
              "width": "100%",
            }
          }
        >
          <Image
            source={1}
            style={
              [
                {
                  "bottom": 0,
                  "left": 0,
                  "position": "absolute",
                  "right": 0,
                  "top": 0,
                },
                {
                  "height": "100%",
                  "width": "100%",
                },
                {
                  "borderRadius": 10,
                },
              ]
            }
          />
          <Text
            style={
              {
                "color": "rgb(33,33,43)",
                "fontSize": 24,
                "fontWeight": "900",
                "marginLeft": 10,
              }
            }
          >
            Nowoczesne Sposoby Nauki
          </Text>
          <Text
            style={
              {
                "color": "rgb(33,33,43)",
                "fontSize": 18,
                "marginLeft": 10,
              }
            }
          >
            Już dziś zacznij korzystać z nowoczesnych technik nauki i pomocy naukowych. Fiszki, notatki to tylko część dostępnych narzędzi
          </Text>
          <View
            accessibilityState={
              {
                "busy": undefined,
                "checked": undefined,
                "disabled": undefined,
                "expanded": undefined,
                "selected": undefined,
              }
            }
            accessibilityValue={
              {
                "max": undefined,
                "min": undefined,
                "now": undefined,
                "text": undefined,
              }
            }
            accessible={true}
            collapsable={false}
            focusable={true}
            onClick={[Function]}
            onResponderGrant={[Function]}
            onResponderMove={[Function]}
            onResponderRelease={[Function]}
            onResponderTerminate={[Function]}
            onResponderTerminationRequest={[Function]}
            onStartShouldSetResponder={[Function]}
            style={
              {
                "alignItems": "center",
                "backgroundColor": "rgb(33,33,43)",
                "borderRadius": 10,
                "display": "flex",
                "height": 50,
                "justifyContent": "center",
                "marginLeft": 10,
                "opacity": 1,
                "width": 120,
              }
            }
          >
            <Text
              style={
                {
                  "color": "#fff",
                  "fontSize": 20,
                  "fontWeight": "700",
                }
              }
            >
              Zobacz
            </Text>
          </View>
        </View>
      </View>
      <View
        style={
          {
            "backgroundColor": "#fff",
            "borderRadius": 10,
            "elevation": 16,
            "height": 250,
            "marginBottom": 40,
            "marginLeft": 20,
            "marginRight": 20,
            "shadowColor": "#000",
            "shadowOffset": {
              "height": 8,
              "width": 0,
            },
            "shadowOpacity": 0.44,
            "shadowRadius": 10.32,
            "width": 320,
          }
        }
        testID="feature-box"
      >
        <View
          accessibilityIgnoresInvertColors={true}
          style={
            {
              "alignItems": "flex-start",
              "borderRadius": 10,
              "display": "flex",
              "height": "100%",
              "justifyContent": "space-around",
              "width": "100%",
            }
          }
        >
          <Image
            source={1}
            style={
              [
                {
                  "bottom": 0,
                  "left": 0,
                  "position": "absolute",
                  "right": 0,
                  "top": 0,
                },
                {
                  "height": "100%",
                  "width": "100%",
                },
                {
                  "borderRadius": 10,
                },
              ]
            }
          />
          <Text
            style={
              {
                "color": "rgb(33,33,43)",
                "fontSize": 24,
                "fontWeight": "900",
                "marginLeft": 10,
              }
            }
          >
            Baza Sprawdzianów
          </Text>
          <Text
            style={
              {
                "color": "rgb(33,33,43)",
                "fontSize": 18,
                "marginLeft": 10,
              }
            }
          >
            Największa baza sprawdzianów, z różnych szkół, nauczycieli i poziomów nauczania. Sprawdź czy mamy coś co może Ci pomóc
          </Text>
          <View
            accessibilityState={
              {
                "busy": undefined,
                "checked": undefined,
                "disabled": undefined,
                "expanded": undefined,
                "selected": undefined,
              }
            }
            accessibilityValue={
              {
                "max": undefined,
                "min": undefined,
                "now": undefined,
                "text": undefined,
              }
            }
            accessible={true}
            collapsable={false}
            focusable={true}
            onClick={[Function]}
            onResponderGrant={[Function]}
            onResponderMove={[Function]}
            onResponderRelease={[Function]}
            onResponderTerminate={[Function]}
            onResponderTerminationRequest={[Function]}
            onStartShouldSetResponder={[Function]}
            style={
              {
                "alignItems": "center",
                "backgroundColor": "rgb(33,33,43)",
                "borderRadius": 10,
                "display": "flex",
                "height": 50,
                "justifyContent": "center",
                "marginLeft": 10,
                "opacity": 1,
                "width": 120,
              }
            }
          >
            <Text
              style={
                {
                  "color": "#fff",
                  "fontSize": 20,
                  "fontWeight": "700",
                }
              }
            >
              Zobacz
            </Text>
          </View>
        </View>
      </View>
      <View
        style={
          {
            "backgroundColor": "#fff",
            "borderRadius": 10,
            "elevation": 16,
            "height": 250,
            "marginBottom": 40,
            "marginLeft": 20,
            "marginRight": 20,
            "shadowColor": "#000",
            "shadowOffset": {
              "height": 8,
              "width": 0,
            },
            "shadowOpacity": 0.44,
            "shadowRadius": 10.32,
            "width": 320,
          }
        }
        testID="feature-box"
      >
        <View
          accessibilityIgnoresInvertColors={true}
          style={
            {
              "alignItems": "flex-start",
              "borderRadius": 10,
              "display": "flex",
              "height": "100%",
              "justifyContent": "space-around",
              "width": "100%",
            }
          }
        >
          <Image
            source={1}
            style={
              [
                {
                  "bottom": 0,
                  "left": 0,
                  "position": "absolute",
                  "right": 0,
                  "top": 0,
                },
                {
                  "height": "100%",
                  "width": "100%",
                },
                {
                  "borderRadius": 10,
                },
              ]
            }
          />
          <Text
            style={
              {
                "color": "rgb(33,33,43)",
                "fontSize": 24,
                "fontWeight": "900",
                "marginLeft": 10,
              }
            }
          >
            Korepetycje
          </Text>
          <Text
            style={
              {
                "color": "rgb(33,33,43)",
                "fontSize": 18,
                "marginLeft": 10,
              }
            }
          >
            Znajdź osoby chętne do pomocy z całej Polski. Umów spotakania za pośrednictwem naszego chatu. Daj sobie pomóc!
          </Text>
          <View
            accessibilityState={
              {
                "busy": undefined,
                "checked": undefined,
                "disabled": undefined,
                "expanded": undefined,
                "selected": undefined,
              }
            }
            accessibilityValue={
              {
                "max": undefined,
                "min": undefined,
                "now": undefined,
                "text": undefined,
              }
            }
            accessible={true}
            collapsable={false}
            focusable={true}
            onClick={[Function]}
            onResponderGrant={[Function]}
            onResponderMove={[Function]}
            onResponderRelease={[Function]}
            onResponderTerminate={[Function]}
            onResponderTerminationRequest={[Function]}
            onStartShouldSetResponder={[Function]}
            style={
              {
                "alignItems": "center",
                "backgroundColor": "rgb(33,33,43)",
                "borderRadius": 10,
                "display": "flex",
                "height": 50,
                "justifyContent": "center",
                "marginLeft": 10,
                "opacity": 1,
                "width": 120,
              }
            }
          >
            <Text
              style={
                {
                  "color": "#fff",
                  "fontSize": 20,
                  "fontWeight": "700",
                }
              }
            >
              Zobacz
            </Text>
          </View>
        </View>
      </View>
    </View>
  </RCTScrollView>
</View>
`;
