// Jest Snapshot v1, https://goo.gl/fbAQLP

exports[`<HomeScreen /> renders correctly 1`] = `
<View
  style={
    {
      "backgroundColor": "white",
      "height": "100%",
      "width": "100%",
    }
  }
>
  <View
    accessibilityIgnoresInvertColors={true}
    style={
      {
        "alignItems": "center",
        "display": "flex",
        "height": "100%",
        "justifyContent": "flex-end",
        "objectFit": "cover",
        "width": "100%",
      }
    }
  >
    <Image
      blurRadius={40}
      resizeMode="cover"
      source={1}
      style={
        [
          {
            "bottom": 0,
            "left": 0,
            "position": "absolute",
            "right": 0,
            "top": 0,
          },
          {
            "height": "100%",
            "width": "100%",
          },
          undefined,
        ]
      }
    />
    <View
      style={
        {
          "display": "flex",
          "height": "50%",
          "justifyContent": "space-around",
          "marginBottom": 20,
          "width": "100%",
        }
      }
    >
      <View
        style={
          {
            "alignItems": "center",
            "display": "flex",
            "flexDirection": "row",
            "justifyContent": "center",
            "width": "100%",
          }
        }
      >
        <Image
          source={1}
          style={
            {
              "borderRadius": 5,
              "height": 75,
              "width": 75,
            }
          }
          testID="logoImage"
        />
        <Text
          style={
            {
              "color": "rgb(33,33,43)",
              "fontSize": 30,
              "fontWeight": "600",
              "margin": 10,
            }
          }
        >
          MultiLern
        </Text>
      </View>
      <View
        style={
          {
            "alignItems": "center",
            "display": "flex",
            "width": "100%",
          }
        }
      >
        <Text
          style={
            {
              "color": "gray",
              "fontSize": 19,
              "fontWeight": "700",
              "textAlign": "center",
              "width": "90%",
            }
          }
        >
          Dołącz do nas i podnieść swoją naukę na wyższy poziom
        </Text>
      </View>
      <View
        style={
          {
            "alignItems": "center",
            "display": "flex",
            "justifyContent": "space-around",
            "margin": 10,
            "width": "100%",
          }
        }
      >
        <View
          accessibilityState={
            {
              "busy": undefined,
              "checked": undefined,
              "disabled": undefined,
              "expanded": undefined,
              "selected": undefined,
            }
          }
          accessibilityValue={
            {
              "max": undefined,
              "min": undefined,
              "now": undefined,
              "text": undefined,
            }
          }
          accessible={true}
          collapsable={false}
          focusable={true}
          onClick={[Function]}
          onResponderGrant={[Function]}
          onResponderMove={[Function]}
          onResponderRelease={[Function]}
          onResponderTerminate={[Function]}
          onResponderTerminationRequest={[Function]}
          onStartShouldSetResponder={[Function]}
          style={
            {
              "alignItems": "center",
              "borderRadius": 20,
              "display": "flex",
              "elevation": 16,
              "flexDirection": "row",
              "height": 80.03999999999999,
              "justifyContent": "space-between",
              "margin": 15,
              "opacity": 1,
              "shadowColor": "#000",
              "shadowOffset": {
                "height": 8,
                "width": 0,
              },
              "shadowOpacity": 0.44,
              "shadowRadius": 10.32,
              "width": "80%",
            }
          }
        >
          <ViewManagerAdapter_ExpoLinearGradient
            colors={
              [
                4294967295,
                4294967295,
              ]
            }
            style={
              {
                "alignItems": "center",
                "borderRadius": 20,
                "display": "flex",
                "flexDirection": "row",
                "height": "100%",
                "justifyContent": "space-between",
                "paddingLeft": 40,
                "paddingRight": 40,
                "width": "100%",
              }
            }
            testID="gradient"
          >
            <Text
              style={
                [
                  {
                    "color": "rgb(33,33,43)",
                    "fontSize": 17,
                    "fontWeight": "700",
                  },
                  {
                    "color": undefined,
                    "textAlign": "left",
                    "width": "auto",
                  },
                ]
              }
            >
              Zarejestruj się
            </Text>
            <View
              style={
                {
                  "alignItems": "center",
                  "display": "flex",
                  "flexDirection": "row",
                  "justifyContent": "space-around",
                  "margin": 10,
                }
              }
            >
              <Image
                source={1}
                style={
                  [
                    {
                      "height": 45,
                      "margin": 5,
                      "width": 45,
                    },
                    {
                      "tintColor": undefined,
                    },
                  ]
                }
                testID="account-service-icon"
              />
              <Image
                source={1}
                style={
                  [
                    {
                      "height": 45,
                      "margin": 5,
                      "width": 45,
                    },
                    {
                      "tintColor": undefined,
                    },
                  ]
                }
                testID="account-service-icon"
              />
              <Image
                source={1}
                style={
                  [
                    {
                      "height": 45,
                      "margin": 5,
                      "width": 45,
                    },
                    {
                      "tintColor": undefined,
                    },
                  ]
                }
                testID="account-service-icon"
              />
              <Image
                source={1}
                style={
                  [
                    {
                      "height": 45,
                      "margin": 5,
                      "width": 45,
                    },
                    {
                      "tintColor": undefined,
                    },
                  ]
                }
                testID="account-service-icon"
              />
            </View>
          </ViewManagerAdapter_ExpoLinearGradient>
        </View>
        <View
          accessibilityState={
            {
              "busy": undefined,
              "checked": undefined,
              "disabled": undefined,
              "expanded": undefined,
              "selected": undefined,
            }
          }
          accessibilityValue={
            {
              "max": undefined,
              "min": undefined,
              "now": undefined,
              "text": undefined,
            }
          }
          accessible={true}
          collapsable={false}
          focusable={true}
          onClick={[Function]}
          onResponderGrant={[Function]}
          onResponderMove={[Function]}
          onResponderRelease={[Function]}
          onResponderTerminate={[Function]}
          onResponderTerminationRequest={[Function]}
          onStartShouldSetResponder={[Function]}
          style={
            {
              "alignItems": "center",
              "borderRadius": 20,
              "display": "flex",
              "elevation": 16,
              "flexDirection": "row",
              "height": 80.03999999999999,
              "justifyContent": "space-between",
              "margin": 15,
              "opacity": 1,
              "shadowColor": "#000",
              "shadowOffset": {
                "height": 8,
                "width": 0,
              },
              "shadowOpacity": 0.44,
              "shadowRadius": 10.32,
              "width": "80%",
            }
          }
        >
          <ViewManagerAdapter_ExpoLinearGradient
            colors={
              [
                4294967295,
                4294967295,
              ]
            }
            style={
              {
                "alignItems": "center",
                "borderRadius": 20,
                "display": "flex",
                "flexDirection": "row",
                "height": "100%",
                "justifyContent": "space-between",
                "paddingLeft": 40,
                "paddingRight": 40,
                "width": "100%",
              }
            }
            testID="gradient"
          >
            <Text
              style={
                [
                  {
                    "color": "rgb(33,33,43)",
                    "fontSize": 17,
                    "fontWeight": "700",
                  },
                  {
                    "color": undefined,
                    "textAlign": "left",
                    "width": "auto",
                  },
                ]
              }
            >
              Zaloguj się
            </Text>
            <View
              style={
                {
                  "alignItems": "center",
                  "display": "flex",
                  "flexDirection": "row",
                  "justifyContent": "space-around",
                  "margin": 10,
                }
              }
            >
              <Image
                source={1}
                style={
                  [
                    {
                      "height": 45,
                      "margin": 5,
                      "width": 45,
                    },
                    {
                      "tintColor": undefined,
                    },
                  ]
                }
                testID="account-service-icon"
              />
            </View>
          </ViewManagerAdapter_ExpoLinearGradient>
        </View>
        <View
          accessibilityState={
            {
              "busy": undefined,
              "checked": undefined,
              "disabled": undefined,
              "expanded": undefined,
              "selected": undefined,
            }
          }
          accessibilityValue={
            {
              "max": undefined,
              "min": undefined,
              "now": undefined,
              "text": undefined,
            }
          }
          accessible={true}
          collapsable={false}
          focusable={true}
          onClick={[Function]}
          onResponderGrant={[Function]}
          onResponderMove={[Function]}
          onResponderRelease={[Function]}
          onResponderTerminate={[Function]}
          onResponderTerminationRequest={[Function]}
          onStartShouldSetResponder={[Function]}
          style={
            {
              "alignItems": "center",
              "borderRadius": 20,
              "display": "flex",
              "elevation": 16,
              "flexDirection": "row",
              "height": 80.03999999999999,
              "justifyContent": "space-between",
              "margin": 15,
              "opacity": 1,
              "shadowColor": "#000",
              "shadowOffset": {
                "height": 8,
                "width": 0,
              },
              "shadowOpacity": 0.44,
              "shadowRadius": 10.32,
              "width": "80%",
            }
          }
        >
          <ViewManagerAdapter_ExpoLinearGradient
            colors={
              [
                4280361259,
                4280361259,
              ]
            }
            style={
              {
                "alignItems": "center",
                "borderRadius": 20,
                "display": "flex",
                "flexDirection": "row",
                "height": "100%",
                "justifyContent": "space-between",
                "paddingLeft": 40,
                "paddingRight": 40,
                "width": "100%",
              }
            }
            testID="gradient"
          >
            <Text
              style={
                [
                  {
                    "color": "rgb(33,33,43)",
                    "fontSize": 17,
                    "fontWeight": "700",
                  },
                  {
                    "color": "white",
                    "textAlign": "left",
                    "width": "auto",
                  },
                ]
              }
            >
              Kontynuuj jako gość
            </Text>
            <View
              style={
                {
                  "alignItems": "center",
                  "display": "flex",
                  "flexDirection": "row",
                  "justifyContent": "space-around",
                  "margin": 10,
                }
              }
            >
              <Image
                source={1}
                style={
                  [
                    {
                      "height": 45,
                      "margin": 5,
                      "width": 45,
                    },
                    {
                      "tintColor": "white",
                    },
                  ]
                }
                testID="account-service-icon"
              />
            </View>
          </ViewManagerAdapter_ExpoLinearGradient>
        </View>
      </View>
    </View>
  </View>
</View>
`;
