// Jest Snapshot v1, https://goo.gl/fbAQLP

exports[`AddExamScreen renders correctly 1`] = `
<RCTScrollView
  style={
    {
      "height": "auto",
      "width": 750,
    }
  }
>
  <View>
    <RCTScrollView
      style={
        {
          "width": 750,
        }
      }
    >
      <View>
        <View
          style={
            {
              "alignItems": "center",
              "backgroundColor": "white",
              "display": "flex",
              "height": "auto",
              "justifyContent": "flex-start",
              "padding": 20,
              "width": 750,
            }
          }
        >
          <Text
            style={
              {
                "color": "rgb(45,45,55)",
                "fontSize": 20,
                "fontWeight": "900",
                "marginBottom": 20,
                "marginTop": 50,
              }
            }
          >
            Dodaj tytuł, dział lub zagadnienie
          </Text>
          <Text
            style={
              {
                "color": "gray",
                "fontSize": 16,
                "marginBottom": 20,
              }
            }
          >
            Ułatwi to późniejsze znalezienie go innym użytkownikom
          </Text>
          <TextInput
            onChangeText={[Function]}
            placeholder="tytuł, dział lub zagadnienie..."
            style={
              [
                {
                  "backgroundColor": "#fff",
                  "borderTopLeftRadius": 10,
                  "borderTopRightRadius": 10,
                  "elevation": 16,
                  "padding": 10,
                  "shadowColor": "#000",
                  "shadowOffset": {
                    "height": 0,
                    "width": 0,
                  },
                  "shadowOpacity": 0.44,
                  "shadowRadius": 10.32,
                  "width": "90%",
                },
                {
                  "height": 50,
                },
              ]
            }
            value=""
          />
          <Text
            style={
              {
                "color": "rgb(45,45,55)",
                "fontSize": 20,
                "fontWeight": "900",
                "marginBottom": 20,
                "marginTop": 50,
              }
            }
          >
            Dodaj kategorie sprawdzianu
          </Text>
          <View
            style={
              [
                {
                  "alignSelf": "stretch",
                },
                undefined,
              ]
            }
          >
            <View
              accessibilityState={
                {
                  "busy": undefined,
                  "checked": undefined,
                  "disabled": undefined,
                  "expanded": undefined,
                  "selected": undefined,
                }
              }
              accessibilityValue={
                {
                  "max": undefined,
                  "min": undefined,
                  "now": undefined,
                  "text": undefined,
                }
              }
              accessible={true}
              collapsable={false}
              focusable={true}
              onClick={[Function]}
              onResponderGrant={[Function]}
              onResponderMove={[Function]}
              onResponderRelease={[Function]}
              onResponderTerminate={[Function]}
              onResponderTerminationRequest={[Function]}
              onStartShouldSetResponder={[Function]}
              style={
                {
                  "opacity": 1,
                }
              }
              testID="ios_touchable_wrapper"
            >
              <View
                pointerEvents="box-only"
              >
                <TextInput
                  editable={false}
                  style={
                    [
                      undefined,
                      {
                        "color": "#c7c7cd",
                      },
                    ]
                  }
                  testID="text_input"
                  value="Wybierz kategorie..."
                />
              </View>
            </View>
          </View>
          <Text
            style={
              {
                "color": "rgb(45,45,55)",
                "fontSize": 20,
                "fontWeight": "900",
                "marginBottom": 20,
                "marginTop": 50,
              }
            }
          >
            Dodaj treść pytań
          </Text>
          <Text
            style={
              {
                "color": "gray",
                "fontSize": 16,
                "marginBottom": 20,
              }
            }
          >
            Wpisz treści zadań lub dodaj zdjęcia poniżej
          </Text>
          <TextInput
            editable={true}
            multiline={true}
            onChangeText={[Function]}
            placeholder="Treści zadań..."
            style={
              [
                {
                  "backgroundColor": "#fff",
                  "borderTopLeftRadius": 10,
                  "borderTopRightRadius": 10,
                  "elevation": 16,
                  "padding": 10,
                  "shadowColor": "#000",
                  "shadowOffset": {
                    "height": 0,
                    "width": 0,
                  },
                  "shadowOpacity": 0.44,
                  "shadowRadius": 10.32,
                  "width": "90%",
                },
                {
                  "minHeight": 400,
                },
              ]
            }
            value=""
          />
          <Text
            style={
              {
                "color": "rgb(45,45,55)",
                "fontSize": 20,
                "fontWeight": "900",
                "marginBottom": 20,
                "marginTop": 50,
              }
            }
          >
            Dodaj zdjęcia, jeżeli takie posiadasz
          </Text>
          <View
            style={
              {
                "alignItems": "center",
                "display": "flex",
                "flexDirection": "row",
                "flexWrap": "wrap",
              }
            }
          >
            <View
              accessibilityState={
                {
                  "busy": undefined,
                  "checked": undefined,
                  "disabled": undefined,
                  "expanded": undefined,
                  "selected": undefined,
                }
              }
              accessibilityValue={
                {
                  "max": undefined,
                  "min": undefined,
                  "now": undefined,
                  "text": undefined,
                }
              }
              accessible={true}
              collapsable={false}
              focusable={true}
              onClick={[Function]}
              onResponderGrant={[Function]}
              onResponderMove={[Function]}
              onResponderRelease={[Function]}
              onResponderTerminate={[Function]}
              onResponderTerminationRequest={[Function]}
              onStartShouldSetResponder={[Function]}
              style={
                {
                  "opacity": 1,
                }
              }
              testID="uploadButton"
            >
              <View
                style={
                  {
                    "borderBlockColor": "black",
                    "borderRadius": 5,
                    "borderWidth": 1,
                    "height": 70,
                    "padding": 10,
                    "width": 70,
                  }
                }
              >
                <Image
                  source={1}
                  style={
                    {
                      "height": 50,
                      "opacity": 0.5,
                      "width": 50,
                    }
                  }
                />
              </View>
            </View>
          </View>
          <View
            accessibilityState={
              {
                "busy": undefined,
                "checked": undefined,
                "disabled": undefined,
                "expanded": undefined,
                "selected": undefined,
              }
            }
            accessibilityValue={
              {
                "max": undefined,
                "min": undefined,
                "now": undefined,
                "text": undefined,
              }
            }
            accessible={true}
            collapsable={false}
            focusable={true}
            onClick={[Function]}
            onResponderGrant={[Function]}
            onResponderMove={[Function]}
            onResponderRelease={[Function]}
            onResponderTerminate={[Function]}
            onResponderTerminationRequest={[Function]}
            onStartShouldSetResponder={[Function]}
            style={
              {
                "borderRadius": 20,
                "height": 55,
                "margin": 20,
                "opacity": 1,
                "width": 300,
              }
            }
          >
            <ViewManagerAdapter_ExpoLinearGradient
              colors={
                [
                  4281150775,
                  4281150775,
                  4284769390,
                ]
              }
              style={
                {
                  "alignItems": "center",
                  "borderRadius": 20,
                  "display": "flex",
                  "height": "100%",
                  "justifyContent": "center",
                  "width": "100%",
                }
              }
            >
              <Text
                style={
                  {
                    "color": "white",
                    "fontSize": 22,
                    "fontWeight": "900",
                  }
                }
              >
                Prześlij
              </Text>
            </ViewManagerAdapter_ExpoLinearGradient>
          </View>
        </View>
      </View>
    </RCTScrollView>
  </View>
</RCTScrollView>
`;
