// Jest Snapshot v1, https://goo.gl/fbAQLP

exports[`<SignUpScreen /> renders correctly 1`] = `
<View
  onLayout={[Function]}
  style={
    [
      [
        {
          "backgroundColor": "white",
          "height": "100%",
          "width": "100%",
        },
        {
          "flex": 1,
        },
      ],
      {
        "paddingBottom": 0,
      },
    ]
  }
>
  <RCTScrollView
    alwaysBounceHorizontal={false}
    alwaysBounceVertical={false}
    bounces={false}
    contentContainerStyle={
      {
        "flexGrow": 1,
      }
    }
    overScrollMode="never"
  >
    <View>
      <View
        accessibilityIgnoresInvertColors={true}
        style={
          {
            "alignItems": "center",
            "display": "flex",
            "height": "100%",
            "justifyContent": "flex-end",
            "objectFit": "cover",
            "width": "100%",
          }
        }
      >
        <Image
          blurRadius={40}
          resizeMode="cover"
          source={1}
          style={
            [
              {
                "bottom": 0,
                "left": 0,
                "position": "absolute",
                "right": 0,
                "top": 0,
              },
              {
                "height": "100%",
                "width": "100%",
              },
              undefined,
            ]
          }
        />
        <View
          style={
            {
              "display": "flex",
              "height": "60%",
              "justifyContent": "flex-end",
              "marginBottom": 20,
              "width": "100%",
            }
          }
        >
          <View
            collapsable={false}
            style={
              {
                "alignItems": "center",
                "display": "flex",
                "justifyContent": "center",
                "opacity": 0,
                "width": "100%",
              }
            }
          >
            <View
              style={
                {
                  "alignItems": "center",
                  "display": "flex",
                  "flexDirection": "row",
                  "justifyContent": "center",
                  "width": "100%",
                }
              }
            >
              <Image
                source={1}
                style={
                  {
                    "borderRadius": 5,
                    "height": 75,
                    "width": 75,
                  }
                }
              />
              <Text
                style={
                  {
                    "color": "rgb(33,33,43)",
                    "fontSize": 30,
                    "fontWeight": "600",
                    "margin": 10,
                  }
                }
              >
                MultiLern
              </Text>
            </View>
            <View
              style={
                {
                  "alignItems": "center",
                  "display": "flex",
                  "marginBottom": 10,
                  "width": "100%",
                }
              }
            >
              <Text
                style={
                  {
                    "color": "gray",
                    "fontSize": 19,
                    "fontWeight": "700",
                    "textAlign": "center",
                    "width": "90%",
                  }
                }
              >
                Dołącz do nas i podnieść swoją naukę na wyższy poziom
              </Text>
            </View>
          </View>
          <View
            collapsable={false}
            style={
              {
                "alignItems": "center",
                "display": "flex",
                "justifyContent": "center",
                "opacity": 1,
                "width": "100%",
              }
            }
          >
            <View
              style={
                {
                  "alignItems": "center",
                  "display": "flex",
                  "height": "100%",
                  "justifyContent": "space-around",
                  "margin": 10,
                  "width": "100%",
                }
              }
            >
              <View
                style={
                  {
                    "alignItems": "center",
                    "display": "flex",
                    "height": "60%",
                    "justifyContent": "space-around",
                    "width": "100%",
                  }
                }
              >
                <View
                  style={
                    {
                      "flexDirection": "row",
                      "justifyContent": "center",
                      "width": "100%",
                    }
                  }
                >
                  <TextInput
                    autoCapitalize="none"
                    autoCorrect={false}
                    onBlur={[Function]}
                    onChangeText={[Function]}
                    placeholder="Podaj nazwę użytkownika"
                    style={
                      {
                        "alignItems": "center",
                        "backgroundColor": "white",
                        "borderRadius": 20,
                        "display": "flex",
                        "elevation": 16,
                        "flexDirection": "row",
                        "height": 93.38000000000001,
                        "justifyContent": "space-between",
                        "margin": 20,
                        "paddingLeft": 40,
                        "paddingRight": 40,
                        "shadowColor": "#000",
                        "shadowOffset": {
                          "height": 8,
                          "width": 0,
                        },
                        "shadowOpacity": 0.44,
                        "shadowRadius": 10.32,
                        "width": "80%",
                      }
                    }
                    value=""
                  />
                </View>
                <TextInput
                  autoCapitalize="none"
                  autoCorrect={false}
                  onBlur={[Function]}
                  onChangeText={[Function]}
                  placeholder="Podaj email"
                  style={
                    {
                      "alignItems": "center",
                      "backgroundColor": "white",
                      "borderRadius": 20,
                      "display": "flex",
                      "elevation": 16,
                      "flexDirection": "row",
                      "height": 93.38000000000001,
                      "justifyContent": "space-between",
                      "margin": 20,
                      "paddingLeft": 40,
                      "paddingRight": 40,
                      "shadowColor": "#000",
                      "shadowOffset": {
                        "height": 8,
                        "width": 0,
                      },
                      "shadowOpacity": 0.44,
                      "shadowRadius": 10.32,
                      "width": "80%",
                    }
                  }
                  value=""
                />
                <TextInput
                  autoCapitalize="none"
                  autoCorrect={false}
                  onBlur={[Function]}
                  onChangeText={[Function]}
                  placeholder="Podaj hasło "
                  secureTextEntry={true}
                  style={
                    {
                      "alignItems": "center",
                      "backgroundColor": "white",
                      "borderRadius": 20,
                      "display": "flex",
                      "elevation": 16,
                      "flexDirection": "row",
                      "height": 93.38000000000001,
                      "justifyContent": "space-between",
                      "margin": 20,
                      "paddingLeft": 40,
                      "paddingRight": 40,
                      "shadowColor": "#000",
                      "shadowOffset": {
                        "height": 8,
                        "width": 0,
                      },
                      "shadowOpacity": 0.44,
                      "shadowRadius": 10.32,
                      "width": "80%",
                    }
                  }
                  value=""
                />
                <TextInput
                  autoCapitalize="none"
                  autoCorrect={false}
                  onBlur={[Function]}
                  onChangeText={[Function]}
                  placeholder="Powtórz hasło "
                  secureTextEntry={true}
                  style={
                    {
                      "alignItems": "center",
                      "backgroundColor": "white",
                      "borderRadius": 20,
                      "display": "flex",
                      "elevation": 16,
                      "flexDirection": "row",
                      "height": 93.38000000000001,
                      "justifyContent": "space-between",
                      "margin": 20,
                      "paddingLeft": 40,
                      "paddingRight": 40,
                      "shadowColor": "#000",
                      "shadowOffset": {
                        "height": 8,
                        "width": 0,
                      },
                      "shadowOpacity": 0.44,
                      "shadowRadius": 10.32,
                      "width": "80%",
                    }
                  }
                  value=""
                />
                <View
                  accessibilityState={
                    {
                      "busy": undefined,
                      "checked": undefined,
                      "disabled": undefined,
                      "expanded": undefined,
                      "selected": undefined,
                    }
                  }
                  accessibilityValue={
                    {
                      "max": undefined,
                      "min": undefined,
                      "now": undefined,
                      "text": undefined,
                    }
                  }
                  accessible={true}
                  collapsable={false}
                  focusable={true}
                  onClick={[Function]}
                  onResponderGrant={[Function]}
                  onResponderMove={[Function]}
                  onResponderRelease={[Function]}
                  onResponderTerminate={[Function]}
                  onResponderTerminationRequest={[Function]}
                  onStartShouldSetResponder={[Function]}
                  style={
                    {
                      "alignItems": "center",
                      "borderRadius": 20,
                      "display": "flex",
                      "elevation": 16,
                      "flexDirection": "row",
                      "height": 80.03999999999999,
                      "justifyContent": "space-between",
                      "margin": 15,
                      "opacity": 1,
                      "shadowColor": "#000",
                      "shadowOffset": {
                        "height": 8,
                        "width": 0,
                      },
                      "shadowOpacity": 0.44,
                      "shadowRadius": 10.32,
                      "width": "80%",
                    }
                  }
                >
                  <ViewManagerAdapter_ExpoLinearGradient
                    colors={
                      [
                        4280361259,
                        4279045399,
                      ]
                    }
                    style={
                      {
                        "alignItems": "center",
                        "borderRadius": 20,
                        "display": "flex",
                        "flexDirection": "row",
                        "height": "100%",
                        "justifyContent": "space-between",
                        "paddingLeft": 40,
                        "paddingRight": 40,
                        "width": "100%",
                      }
                    }
                    testID="gradient"
                  >
                    <Text
                      style={
                        [
                          {
                            "color": "rgb(33,33,43)",
                            "fontSize": 17,
                            "fontWeight": "700",
                          },
                          {
                            "color": "white",
                            "textAlign": "left",
                            "width": "auto",
                          },
                        ]
                      }
                    >
                      Zarejestruj się
                    </Text>
                    <View
                      style={
                        {
                          "alignItems": "center",
                          "display": "flex",
                          "flexDirection": "row",
                          "justifyContent": "space-around",
                          "margin": 10,
                        }
                      }
                    >
                      <Image
                        source={1}
                        style={
                          [
                            {
                              "height": 45,
                              "margin": 5,
                              "width": 45,
                            },
                            {
                              "tintColor": "white",
                            },
                          ]
                        }
                        testID="account-service-icon"
                      />
                    </View>
                  </ViewManagerAdapter_ExpoLinearGradient>
                </View>
              </View>
              <View
                style={
                  {
                    "alignItems": "center",
                    "display": "flex",
                    "margin": 20,
                    "width": "100%",
                  }
                }
              >
                <Text
                  style={
                    {
                      "color": "gray",
                      "fontSize": 19,
                      "fontWeight": "700",
                      "textAlign": "center",
                      "width": "90%",
                    }
                  }
                >
                  ~ LUB UŻYJ ~
                </Text>
              </View>
              <View
                style={
                  {
                    "alignItems": "center",
                    "display": "flex",
                    "height": "35%",
                    "justifyContent": "space-around",
                    "width": "100%",
                  }
                }
              >
                <View
                  accessibilityState={
                    {
                      "busy": undefined,
                      "checked": undefined,
                      "disabled": undefined,
                      "expanded": undefined,
                      "selected": undefined,
                    }
                  }
                  accessibilityValue={
                    {
                      "max": undefined,
                      "min": undefined,
                      "now": undefined,
                      "text": undefined,
                    }
                  }
                  accessible={true}
                  collapsable={false}
                  focusable={true}
                  onClick={[Function]}
                  onResponderGrant={[Function]}
                  onResponderMove={[Function]}
                  onResponderRelease={[Function]}
                  onResponderTerminate={[Function]}
                  onResponderTerminationRequest={[Function]}
                  onStartShouldSetResponder={[Function]}
                  style={
                    {
                      "alignItems": "center",
                      "borderRadius": 20,
                      "display": "flex",
                      "elevation": 16,
                      "flexDirection": "row",
                      "height": 80.03999999999999,
                      "justifyContent": "space-between",
                      "margin": 15,
                      "opacity": 1,
                      "shadowColor": "#000",
                      "shadowOffset": {
                        "height": 8,
                        "width": 0,
                      },
                      "shadowOpacity": 0.44,
                      "shadowRadius": 10.32,
                      "width": "80%",
                    }
                  }
                >
                  <ViewManagerAdapter_ExpoLinearGradient
                    colors={
                      [
                        4294967295,
                        4294967295,
                      ]
                    }
                    style={
                      {
                        "alignItems": "center",
                        "borderRadius": 20,
                        "display": "flex",
                        "flexDirection": "row",
                        "height": "100%",
                        "justifyContent": "space-between",
                        "paddingLeft": 40,
                        "paddingRight": 40,
                        "width": "100%",
                      }
                    }
                    testID="gradient"
                  >
                    <Text
                      style={
                        [
                          {
                            "color": "rgb(33,33,43)",
                            "fontSize": 17,
                            "fontWeight": "700",
                          },
                          {
                            "color": undefined,
                            "textAlign": "left",
                            "width": "auto",
                          },
                        ]
                      }
                    >
                      Discord
                    </Text>
                    <View
                      style={
                        {
                          "alignItems": "center",
                          "display": "flex",
                          "flexDirection": "row",
                          "justifyContent": "space-around",
                          "margin": 10,
                        }
                      }
                    >
                      <Image
                        source={1}
                        style={
                          [
                            {
                              "height": 45,
                              "margin": 5,
                              "width": 45,
                            },
                            {
                              "tintColor": undefined,
                            },
                          ]
                        }
                        testID="account-service-icon"
                      />
                    </View>
                  </ViewManagerAdapter_ExpoLinearGradient>
                </View>
                <View
                  accessibilityState={
                    {
                      "busy": undefined,
                      "checked": undefined,
                      "disabled": undefined,
                      "expanded": undefined,
                      "selected": undefined,
                    }
                  }
                  accessibilityValue={
                    {
                      "max": undefined,
                      "min": undefined,
                      "now": undefined,
                      "text": undefined,
                    }
                  }
                  accessible={true}
                  collapsable={false}
                  focusable={true}
                  onClick={[Function]}
                  onResponderGrant={[Function]}
                  onResponderMove={[Function]}
                  onResponderRelease={[Function]}
                  onResponderTerminate={[Function]}
                  onResponderTerminationRequest={[Function]}
                  onStartShouldSetResponder={[Function]}
                  style={
                    {
                      "alignItems": "center",
                      "borderRadius": 20,
                      "display": "flex",
                      "elevation": 16,
                      "flexDirection": "row",
                      "height": 80.03999999999999,
                      "justifyContent": "space-between",
                      "margin": 15,
                      "opacity": 1,
                      "shadowColor": "#000",
                      "shadowOffset": {
                        "height": 8,
                        "width": 0,
                      },
                      "shadowOpacity": 0.44,
                      "shadowRadius": 10.32,
                      "width": "80%",
                    }
                  }
                >
                  <ViewManagerAdapter_ExpoLinearGradient
                    colors={
                      [
                        4294967295,
                        4294967295,
                      ]
                    }
                    style={
                      {
                        "alignItems": "center",
                        "borderRadius": 20,
                        "display": "flex",
                        "flexDirection": "row",
                        "height": "100%",
                        "justifyContent": "space-between",
                        "paddingLeft": 40,
                        "paddingRight": 40,
                        "width": "100%",
                      }
                    }
                    testID="gradient"
                  >
                    <Text
                      style={
                        [
                          {
                            "color": "rgb(33,33,43)",
                            "fontSize": 17,
                            "fontWeight": "700",
                          },
                          {
                            "color": undefined,
                            "textAlign": "left",
                            "width": "auto",
                          },
                        ]
                      }
                    >
                      Apple ID
                    </Text>
                    <View
                      style={
                        {
                          "alignItems": "center",
                          "display": "flex",
                          "flexDirection": "row",
                          "justifyContent": "space-around",
                          "margin": 10,
                        }
                      }
                    >
                      <Image
                        source={1}
                        style={
                          [
                            {
                              "height": 45,
                              "margin": 5,
                              "width": 45,
                            },
                            {
                              "tintColor": undefined,
                            },
                          ]
                        }
                        testID="account-service-icon"
                      />
                    </View>
                  </ViewManagerAdapter_ExpoLinearGradient>
                </View>
                <View
                  accessibilityState={
                    {
                      "busy": undefined,
                      "checked": undefined,
                      "disabled": undefined,
                      "expanded": undefined,
                      "selected": undefined,
                    }
                  }
                  accessibilityValue={
                    {
                      "max": undefined,
                      "min": undefined,
                      "now": undefined,
                      "text": undefined,
                    }
                  }
                  accessible={true}
                  collapsable={false}
                  focusable={true}
                  onClick={[Function]}
                  onResponderGrant={[Function]}
                  onResponderMove={[Function]}
                  onResponderRelease={[Function]}
                  onResponderTerminate={[Function]}
                  onResponderTerminationRequest={[Function]}
                  onStartShouldSetResponder={[Function]}
                  style={
                    {
                      "alignItems": "center",
                      "borderRadius": 20,
                      "display": "flex",
                      "elevation": 16,
                      "flexDirection": "row",
                      "height": 80.03999999999999,
                      "justifyContent": "space-between",
                      "margin": 15,
                      "opacity": 1,
                      "shadowColor": "#000",
                      "shadowOffset": {
                        "height": 8,
                        "width": 0,
                      },
                      "shadowOpacity": 0.44,
                      "shadowRadius": 10.32,
                      "width": "80%",
                    }
                  }
                >
                  <ViewManagerAdapter_ExpoLinearGradient
                    colors={
                      [
                        4294967295,
                        4294967295,
                      ]
                    }
                    style={
                      {
                        "alignItems": "center",
                        "borderRadius": 20,
                        "display": "flex",
                        "flexDirection": "row",
                        "height": "100%",
                        "justifyContent": "space-between",
                        "paddingLeft": 40,
                        "paddingRight": 40,
                        "width": "100%",
                      }
                    }
                    testID="gradient"
                  >
                    <Text
                      style={
                        [
                          {
                            "color": "rgb(33,33,43)",
                            "fontSize": 17,
                            "fontWeight": "700",
                          },
                          {
                            "color": undefined,
                            "textAlign": "left",
                            "width": "auto",
                          },
                        ]
                      }
                    >
                      Facebook account
                    </Text>
                    <View
                      style={
                        {
                          "alignItems": "center",
                          "display": "flex",
                          "flexDirection": "row",
                          "justifyContent": "space-around",
                          "margin": 10,
                        }
                      }
                    >
                      <Image
                        source={1}
                        style={
                          [
                            {
                              "height": 45,
                              "margin": 5,
                              "width": 45,
                            },
                            {
                              "tintColor": undefined,
                            },
                          ]
                        }
                        testID="account-service-icon"
                      />
                    </View>
                  </ViewManagerAdapter_ExpoLinearGradient>
                </View>
              </View>
            </View>
          </View>
        </View>
      </View>
    </View>
  </RCTScrollView>
</View>
`;
