// Jest Snapshot v1, https://goo.gl/fbAQLP

exports[`Comments renders correctly 1`] = `
<View
  style={
    {
      "alignItems": "flex-start",
      "backgroundColor": "rgb(230,230,230)",
      "borderTopLeftRadius": 20,
      "borderTopRightRadius": 20,
      "display": "flex",
      "flexDirection": "column",
      "justifyContent": "flex-start",
      "marginTop": 50,
      "padding": 20,
      "width": "100%",
    }
  }
>
  <Text
    style={
      {
        "color": "rgb(45,45,55)",
        "fontSize": 20,
        "fontWeight": "900",
      }
    }
  >
    Odpowiedzi
  </Text>
  <View>
    <View
      accessibilityRole="progressbar"
      accessibilityState={
        {
          "busy": true,
        }
      }
      accessible={true}
      style={
        [
          {
            "alignItems": "center",
            "justifyContent": "center",
          },
          {
            "margin": 15,
          },
        ]
      }
      testID="activity-indicator"
    >
      <View
        collapsable={false}
        style={
          {
            "height": 24,
            "opacity": 1,
            "width": 24,
          }
        }
      >
        <View
          collapsable={false}
          style={
            {
              "alignItems": "center",
              "bottom": 0,
              "justifyContent": "center",
              "left": 0,
              "position": "absolute",
              "right": 0,
              "top": 0,
            }
          }
        >
          <View
            collapsable={false}
            style={
              {
                "height": 24,
                "transform": [
                  {
                    "rotate": "45deg",
                  },
                ],
                "width": 24,
              }
            }
          >
            <View
              collapsable={false}
              style={
                {
                  "height": 12,
                  "overflow": "hidden",
                  "width": 24,
                }
              }
            >
              <View
                collapsable={false}
                style={
                  {
                    "height": 24,
                    "transform": [
                      {
                        "translateY": 0,
                      },
                      {
                        "rotate": "-165deg",
                      },
                    ],
                    "width": 24,
                  }
                }
              >
                <View
                  collapsable={false}
                  style={
                    {
                      "height": 12,
                      "overflow": "hidden",
                      "width": 24,
                    }
                  }
                >
                  <View
                    collapsable={false}
                    style={
                      {
                        "borderColor": "gray",
                        "borderRadius": 12,
                        "borderWidth": 2.4,
                        "height": 24,
                        "width": 24,
                      }
                    }
                  />
                </View>
              </View>
            </View>
          </View>
        </View>
        <View
          collapsable={false}
          style={
            {
              "alignItems": "center",
              "bottom": 0,
              "justifyContent": "center",
              "left": 0,
              "position": "absolute",
              "right": 0,
              "top": 0,
            }
          }
        >
          <View
            collapsable={false}
            style={
              {
                "height": 24,
                "transform": [
                  {
                    "rotate": "45deg",
                  },
                ],
                "width": 24,
              }
            }
          >
            <View
              collapsable={false}
              style={
                {
                  "height": 12,
                  "overflow": "hidden",
                  "top": 12,
                  "width": 24,
                }
              }
            >
              <View
                collapsable={false}
                style={
                  {
                    "height": 24,
                    "transform": [
                      {
                        "translateY": -12,
                      },
                      {
                        "rotate": "345deg",
                      },
                    ],
                    "width": 24,
                  }
                }
              >
                <View
                  collapsable={false}
                  style={
                    {
                      "height": 12,
                      "overflow": "hidden",
                      "width": 24,
                    }
                  }
                >
                  <View
                    collapsable={false}
                    style={
                      {
                        "borderColor": "gray",
                        "borderRadius": 12,
                        "borderWidth": 2.4,
                        "height": 24,
                        "width": 24,
                      }
                    }
                  />
                </View>
              </View>
            </View>
          </View>
        </View>
      </View>
    </View>
    <Text
      style={
        {
          "color": "gray",
          "fontSize": 18,
          "fontWeight": "900",
          "margin": 10,
        }
      }
    >
      Nic tu nie ma. Bądź pierwszy, który skomentuje!
    </Text>
    <View
      accessibilityState={
        {
          "busy": undefined,
          "checked": undefined,
          "disabled": undefined,
          "expanded": undefined,
          "selected": undefined,
        }
      }
      accessibilityValue={
        {
          "max": undefined,
          "min": undefined,
          "now": undefined,
          "text": undefined,
        }
      }
      accessible={true}
      collapsable={false}
      focusable={true}
      onClick={[Function]}
      onResponderGrant={[Function]}
      onResponderMove={[Function]}
      onResponderRelease={[Function]}
      onResponderTerminate={[Function]}
      onResponderTerminationRequest={[Function]}
      onStartShouldSetResponder={[Function]}
      style={
        {
          "borderRadius": 20,
          "height": 55,
          "margin": 20,
          "opacity": 1,
          "width": 300,
        }
      }
    >
      <ViewManagerAdapter_ExpoLinearGradient
        colors={
          [
            4281150775,
            4281150775,
            4284769390,
          ]
        }
        style={
          {
            "alignItems": "center",
            "borderRadius": 20,
            "display": "flex",
            "height": "100%",
            "justifyContent": "center",
            "width": "100%",
          }
        }
      >
        <Text
          style={
            {
              "color": "white",
              "fontSize": 22,
              "fontWeight": "900",
            }
          }
        >
          Odpowiedz
        </Text>
      </ViewManagerAdapter_ExpoLinearGradient>
    </View>
  </View>
</View>
`;
