// Jest Snapshot v1, https://goo.gl/fbAQLP

exports[`PostContent component renders correctly 1`] = `
<View
  style={
    {
      "backgroundColor": "transparent",
      "width": "100%",
    }
  }
  testID="post-content"
>
  <RCTScrollView
    onScroll={[MockFunction]}
  >
    <View>
      <View
        style={
          {
            "height": 250,
            "width": "100%",
          }
        }
      />
      <View
        style={
          {
            "alignItems": "center",
            "backgroundColor": "#fff",
            "borderTopLeftRadius": 50,
            "borderTopRightRadius": 50,
            "display": "flex",
            "elevation": 16,
            "height": "auto",
            "justifyContent": "flex-start",
            "marginTop": -50,
            "shadowColor": "#000",
            "shadowOffset": {
              "height": 0,
              "width": 0,
            },
            "shadowOpacity": 0.44,
            "shadowRadius": 10.32,
            "width": "100%",
          }
        }
      >
        <View
          style={
            {
              "alignItems": "center",
              "display": "flex",
              "justifyContent": "center",
              "width": 750,
            }
          }
        >
          <View
            style={
              {
                "backgroundColor": "lightgray",
                "height": 3,
                "marginBottom": 50,
                "marginTop": 5,
                "width": 100,
              }
            }
          />
        </View>
        <View
          style={
            {
              "alignItems": "center",
              "display": "flex",
              "flexDirection": "row",
              "justifyContent": "flex-start",
              "marginBottom": 10,
              "padding": 20,
              "width": "100%",
            }
          }
        >
          <Image
            source={
              {
                "uri": "mock-avatar-url",
              }
            }
            style={
              {
                "borderRadius": 100,
                "height": 50,
                "width": 50,
              }
            }
          />
          <View
            style={
              {
                "alignItems": "flex-start",
                "display": "flex",
                "flexDirection": "column",
                "justifyContent": "space-around",
                "marginLeft": 40,
              }
            }
          >
            <Text
              style={
                {
                  "color": "rgb(45,45,55)",
                  "fontSize": 22,
                  "fontWeight": "700",
                }
              }
            >
              JohnDoe
            </Text>
            <Text
              style={
                {
                  "color": "gray",
                  "fontSize": 16,
                  "fontWeight": "500",
                }
              }
            >
              2024-05-29
            </Text>
          </View>
        </View>
        <RCTScrollView
          activeAnimationOptions={null}
          activeAnimationType="timing"
          activeSlideAlignment="center"
          activeSlideOffset={20}
          apparitionDelay={0}
          automaticallyAdjustContentInsets={false}
          autoplay={false}
          autoplayDelay={1000}
          autoplayInterval={3000}
          callbackOffsetMargin={5}
          collapsable={false}
          containerCustomStyle={{}}
          contentContainerCustomStyle={{}}
          contentContainerStyle={
            [
              {
                "paddingLeft": 75,
                "paddingRight": 75,
              },
              {},
            ]
          }
          data={
            [
              {
                "images": {
                  "img": "mock-image-url",
                },
              },
            ]
          }
          decelerationRate="fast"
          directionalLockEnabled={true}
          enableMomentum={false}
          enableSnap={true}
          firstItem={0}
          hasParallaxImages={false}
          horizontal={true}
          inactiveSlideOpacity={0.7}
          inactiveSlideScale={0.9}
          inactiveSlideShift={0}
          inverted={false}
          itemWidth={600}
          layout="stack"
          layoutCardOffset={20}
          lockScrollTimeoutDuration={1000}
          lockScrollWhileSnapping={false}
          loop={false}
          loopClonesPerSide={3}
          onLayout={[Function]}
          onResponderRelease={[Function]}
          onScroll={[Function]}
          onScrollBeginDrag={[Function]}
          onScrollEndDrag={[Function]}
          onStartShouldSetResponderCapture={[Function]}
          onTouchEnd={[Function]}
          onTouchStart={[Function]}
          overScrollMode="never"
          pinchGestureEnabled={false}
          removeClippedSubviews={false}
          renderItem={[Function]}
          scrollEnabled={true}
          scrollEventThrottle={1}
          scrollsToTop={false}
          shouldOptimizeUpdates={true}
          showsHorizontalScrollIndicator={false}
          showsVerticalScrollIndicator={false}
          slideStyle={{}}
          sliderWidth={750}
          style={
            {
              "flexDirection": "row",
              "opacity": 0,
              "width": 750,
            }
          }
          swipeThreshold={20}
          useScrollView={false}
          vertical={false}
        >
          <View>
            <View
              collapsable={false}
              pointerEvents="box-none"
              style={
                {
                  "opacity": 1,
                  "transform": [
                    {
                      "scale": 1,
                    },
                    {
                      "translateX": 0,
                    },
                  ],
                  "width": 600,
                  "zIndex": 1,
                }
              }
            >
              <View
                accessibilityState={
                  {
                    "busy": undefined,
                    "checked": undefined,
                    "disabled": undefined,
                    "expanded": undefined,
                    "selected": undefined,
                  }
                }
                accessibilityValue={
                  {
                    "max": undefined,
                    "min": undefined,
                    "now": undefined,
                    "text": undefined,
                  }
                }
                accessible={true}
                collapsable={false}
                focusable={true}
                onClick={[Function]}
                onResponderGrant={[Function]}
                onResponderMove={[Function]}
                onResponderRelease={[Function]}
                onResponderTerminate={[Function]}
                onResponderTerminationRequest={[Function]}
                onStartShouldSetResponder={[Function]}
                style={
                  {
                    "height": "auto",
                    "opacity": 1,
                    "width": "auto",
                  }
                }
                testID="image-touchable-0"
              >
                <Image
                  source={
                    {
                      "uri": "mock-image-url",
                    }
                  }
                  style={
                    {
                      "borderRadius": 10,
                      "height": 300,
                      "resizeMode": "cover",
                      "width": "100%",
                    }
                  }
                />
              </View>
            </View>
          </View>
        </RCTScrollView>
        <Text
          numberOfLines={4}
          style={
            {
              "color": "black",
              "fontSize": 30,
              "fontWeight": "900",
              "margin": 20,
              "paddingRight": 10,
              "paddingTop": 50,
            }
          }
        >
          Test Post
        </Text>
        <Text
          style={
            {
              "color": "rgb(45,45,55)",
              "fontSize": 22,
              "fontWeight": "700",
              "margin": 20,
              "marginTop": 50,
            }
          }
        >
          This is a test post content
        </Text>
        <View
          style={
            {
              "alignItems": "flex-start",
              "backgroundColor": "rgb(230,230,230)",
              "borderTopLeftRadius": 20,
              "borderTopRightRadius": 20,
              "display": "flex",
              "flexDirection": "column",
              "justifyContent": "flex-start",
              "marginTop": 50,
              "padding": 20,
              "width": "100%",
            }
          }
        >
          <Text
            style={
              {
                "color": "rgb(45,45,55)",
                "fontSize": 20,
                "fontWeight": "900",
              }
            }
          >
            Odpowiedzi
          </Text>
          <View>
            <View
              accessibilityRole="progressbar"
              accessibilityState={
                {
                  "busy": true,
                }
              }
              accessible={true}
              style={
                [
                  {
                    "alignItems": "center",
                    "justifyContent": "center",
                  },
                  {
                    "margin": 15,
                  },
                ]
              }
              testID="activity-indicator"
            >
              <View
                collapsable={false}
                style={
                  {
                    "height": 24,
                    "opacity": 1,
                    "width": 24,
                  }
                }
              >
                <View
                  collapsable={false}
                  style={
                    {
                      "alignItems": "center",
                      "bottom": 0,
                      "justifyContent": "center",
                      "left": 0,
                      "position": "absolute",
                      "right": 0,
                      "top": 0,
                    }
                  }
                >
                  <View
                    collapsable={false}
                    style={
                      {
                        "height": 24,
                        "transform": [
                          {
                            "rotate": "45deg",
                          },
                        ],
                        "width": 24,
                      }
                    }
                  >
                    <View
                      collapsable={false}
                      style={
                        {
                          "height": 12,
                          "overflow": "hidden",
                          "width": 24,
                        }
                      }
                    >
                      <View
                        collapsable={false}
                        style={
                          {
                            "height": 24,
                            "transform": [
                              {
                                "translateY": 0,
                              },
                              {
                                "rotate": "-165deg",
                              },
                            ],
                            "width": 24,
                          }
                        }
                      >
                        <View
                          collapsable={false}
                          style={
                            {
                              "height": 12,
                              "overflow": "hidden",
                              "width": 24,
                            }
                          }
                        >
                          <View
                            collapsable={false}
                            style={
                              {
                                "borderColor": "gray",
                                "borderRadius": 12,
                                "borderWidth": 2.4,
                                "height": 24,
                                "width": 24,
                              }
                            }
                          />
                        </View>
                      </View>
                    </View>
                  </View>
                </View>
                <View
                  collapsable={false}
                  style={
                    {
                      "alignItems": "center",
                      "bottom": 0,
                      "justifyContent": "center",
                      "left": 0,
                      "position": "absolute",
                      "right": 0,
                      "top": 0,
                    }
                  }
                >
                  <View
                    collapsable={false}
                    style={
                      {
                        "height": 24,
                        "transform": [
                          {
                            "rotate": "45deg",
                          },
                        ],
                        "width": 24,
                      }
                    }
                  >
                    <View
                      collapsable={false}
                      style={
                        {
                          "height": 12,
                          "overflow": "hidden",
                          "top": 12,
                          "width": 24,
                        }
                      }
                    >
                      <View
                        collapsable={false}
                        style={
                          {
                            "height": 24,
                            "transform": [
                              {
                                "translateY": -12,
                              },
                              {
                                "rotate": "345deg",
                              },
                            ],
                            "width": 24,
                          }
                        }
                      >
                        <View
                          collapsable={false}
                          style={
                            {
                              "height": 12,
                              "overflow": "hidden",
                              "width": 24,
                            }
                          }
                        >
                          <View
                            collapsable={false}
                            style={
                              {
                                "borderColor": "gray",
                                "borderRadius": 12,
                                "borderWidth": 2.4,
                                "height": 24,
                                "width": 24,
                              }
                            }
                          />
                        </View>
                      </View>
                    </View>
                  </View>
                </View>
              </View>
            </View>
            <Text
              style={
                {
                  "color": "gray",
                  "fontSize": 18,
                  "fontWeight": "900",
                  "margin": 10,
                }
              }
            >
              Nic tu nie ma. Bądź pierwszy, który skomentuje!
            </Text>
            <View
              accessibilityState={
                {
                  "busy": undefined,
                  "checked": undefined,
                  "disabled": undefined,
                  "expanded": undefined,
                  "selected": undefined,
                }
              }
              accessibilityValue={
                {
                  "max": undefined,
                  "min": undefined,
                  "now": undefined,
                  "text": undefined,
                }
              }
              accessible={true}
              collapsable={false}
              focusable={true}
              onClick={[Function]}
              onResponderGrant={[Function]}
              onResponderMove={[Function]}
              onResponderRelease={[Function]}
              onResponderTerminate={[Function]}
              onResponderTerminationRequest={[Function]}
              onStartShouldSetResponder={[Function]}
              style={
                {
                  "borderRadius": 20,
                  "height": 55,
                  "margin": 20,
                  "opacity": 1,
                  "width": 300,
                }
              }
            >
              <ViewManagerAdapter_ExpoLinearGradient
                colors={
                  [
                    4281150775,
                    4281150775,
                    4284769390,
                  ]
                }
                style={
                  {
                    "alignItems": "center",
                    "borderRadius": 20,
                    "display": "flex",
                    "height": "100%",
                    "justifyContent": "center",
                    "width": "100%",
                  }
                }
              >
                <Text
                  style={
                    {
                      "color": "white",
                      "fontSize": 22,
                      "fontWeight": "900",
                    }
                  }
                >
                  Odpowiedz
                </Text>
              </ViewManagerAdapter_ExpoLinearGradient>
            </View>
          </View>
        </View>
      </View>
    </View>
  </RCTScrollView>
</View>
`;
