// Jest Snapshot v1, https://goo.gl/fbAQLP

exports[`RateComponent renders correctly 1`] = `
<View
  style={
    {
      "alignItems": "center",
      "display": "flex",
      "flexDirection": "row",
      "height": "100%",
      "justifyContent": "space-around",
      "width": "100%",
    }
  }
>
  <View
    accessibilityState={
      {
        "busy": undefined,
        "checked": undefined,
        "disabled": undefined,
        "expanded": undefined,
        "selected": undefined,
      }
    }
    accessibilityValue={
      {
        "max": undefined,
        "min": undefined,
        "now": undefined,
        "text": undefined,
      }
    }
    accessible={true}
    collapsable={false}
    focusable={true}
    onClick={[Function]}
    onResponderGrant={[Function]}
    onResponderMove={[Function]}
    onResponderRelease={[Function]}
    onResponderTerminate={[Function]}
    onResponderTerminationRequest={[Function]}
    onStartShouldSetResponder={[Function]}
    style={
      {
        "alignItems": "center",
        "display": "flex",
        "height": 25,
        "opacity": 1,
        "width": 25,
      }
    }
    testID="star"
  >
    <Image
      source={1}
      style={
        [
          {
            "height": 25,
            "left": 0,
            "position": "absolute",
            "resizeMode": "cover",
            "top": 0,
            "width": 25,
          },
          {
            "tintColor": "dimgray",
          },
        ]
      }
    />
    <View
      style={
        [
          {
            "alignItems": "flex-start",
            "display": "flex",
            "justifyContent": "center",
            "overflow": "hidden",
          },
          {
            "bottom": 0,
            "left": 0,
            "position": "absolute",
            "right": 0,
            "top": 0,
            "width": 25,
          },
        ]
      }
    >
      <Image
        source={1}
        style={
          [
            {
              "height": 25,
              "left": 0,
              "position": "absolute",
              "resizeMode": "cover",
              "top": 0,
              "width": 25,
            },
            {
              "tintColor": "gold",
            },
          ]
        }
      />
    </View>
  </View>
  <View
    accessibilityState={
      {
        "busy": undefined,
        "checked": undefined,
        "disabled": undefined,
        "expanded": undefined,
        "selected": undefined,
      }
    }
    accessibilityValue={
      {
        "max": undefined,
        "min": undefined,
        "now": undefined,
        "text": undefined,
      }
    }
    accessible={true}
    collapsable={false}
    focusable={true}
    onClick={[Function]}
    onResponderGrant={[Function]}
    onResponderMove={[Function]}
    onResponderRelease={[Function]}
    onResponderTerminate={[Function]}
    onResponderTerminationRequest={[Function]}
    onStartShouldSetResponder={[Function]}
    style={
      {
        "alignItems": "center",
        "display": "flex",
        "height": 25,
        "opacity": 1,
        "width": 25,
      }
    }
    testID="star"
  >
    <Image
      source={1}
      style={
        [
          {
            "height": 25,
            "left": 0,
            "position": "absolute",
            "resizeMode": "cover",
            "top": 0,
            "width": 25,
          },
          {
            "tintColor": "dimgray",
          },
        ]
      }
    />
    <View
      style={
        [
          {
            "alignItems": "flex-start",
            "display": "flex",
            "justifyContent": "center",
            "overflow": "hidden",
          },
          {
            "bottom": 0,
            "left": 0,
            "position": "absolute",
            "right": 0,
            "top": 0,
            "width": 25,
          },
        ]
      }
    >
      <Image
        source={1}
        style={
          [
            {
              "height": 25,
              "left": 0,
              "position": "absolute",
              "resizeMode": "cover",
              "top": 0,
              "width": 25,
            },
            {
              "tintColor": "gold",
            },
          ]
        }
      />
    </View>
  </View>
  <View
    accessibilityState={
      {
        "busy": undefined,
        "checked": undefined,
        "disabled": undefined,
        "expanded": undefined,
        "selected": undefined,
      }
    }
    accessibilityValue={
      {
        "max": undefined,
        "min": undefined,
        "now": undefined,
        "text": undefined,
      }
    }
    accessible={true}
    collapsable={false}
    focusable={true}
    onClick={[Function]}
    onResponderGrant={[Function]}
    onResponderMove={[Function]}
    onResponderRelease={[Function]}
    onResponderTerminate={[Function]}
    onResponderTerminationRequest={[Function]}
    onStartShouldSetResponder={[Function]}
    style={
      {
        "alignItems": "center",
        "display": "flex",
        "height": 25,
        "opacity": 1,
        "width": 25,
      }
    }
    testID="star"
  >
    <Image
      source={1}
      style={
        [
          {
            "height": 25,
            "left": 0,
            "position": "absolute",
            "resizeMode": "cover",
            "top": 0,
            "width": 25,
          },
          {
            "tintColor": "dimgray",
          },
        ]
      }
    />
    <View
      style={
        [
          {
            "alignItems": "flex-start",
            "display": "flex",
            "justifyContent": "center",
            "overflow": "hidden",
          },
          {
            "bottom": 0,
            "left": 0,
            "position": "absolute",
            "right": 0,
            "top": 0,
            "width": 25,
          },
        ]
      }
    >
      <Image
        source={1}
        style={
          [
            {
              "height": 25,
              "left": 0,
              "position": "absolute",
              "resizeMode": "cover",
              "top": 0,
              "width": 25,
            },
            {
              "tintColor": "gold",
            },
          ]
        }
      />
    </View>
  </View>
  <View
    accessibilityState={
      {
        "busy": undefined,
        "checked": undefined,
        "disabled": undefined,
        "expanded": undefined,
        "selected": undefined,
      }
    }
    accessibilityValue={
      {
        "max": undefined,
        "min": undefined,
        "now": undefined,
        "text": undefined,
      }
    }
    accessible={true}
    collapsable={false}
    focusable={true}
    onClick={[Function]}
    onResponderGrant={[Function]}
    onResponderMove={[Function]}
    onResponderRelease={[Function]}
    onResponderTerminate={[Function]}
    onResponderTerminationRequest={[Function]}
    onStartShouldSetResponder={[Function]}
    style={
      {
        "alignItems": "center",
        "display": "flex",
        "height": 25,
        "opacity": 1,
        "width": 25,
      }
    }
    testID="star"
  >
    <Image
      source={1}
      style={
        [
          {
            "height": 25,
            "left": 0,
            "position": "absolute",
            "resizeMode": "cover",
            "top": 0,
            "width": 25,
          },
          {
            "tintColor": "dimgray",
          },
        ]
      }
    />
    <View
      style={
        [
          {
            "alignItems": "flex-start",
            "display": "flex",
            "justifyContent": "center",
            "overflow": "hidden",
          },
          {
            "bottom": 0,
            "left": 0,
            "position": "absolute",
            "right": 0,
            "top": 0,
            "width": 25,
          },
        ]
      }
    >
      <Image
        source={1}
        style={
          [
            {
              "height": 25,
              "left": 0,
              "position": "absolute",
              "resizeMode": "cover",
              "top": 0,
              "width": 25,
            },
            {
              "tintColor": "gold",
            },
          ]
        }
      />
    </View>
  </View>
  <View
    accessibilityState={
      {
        "busy": undefined,
        "checked": undefined,
        "disabled": undefined,
        "expanded": undefined,
        "selected": undefined,
      }
    }
    accessibilityValue={
      {
        "max": undefined,
        "min": undefined,
        "now": undefined,
        "text": undefined,
      }
    }
    accessible={true}
    collapsable={false}
    focusable={true}
    onClick={[Function]}
    onResponderGrant={[Function]}
    onResponderMove={[Function]}
    onResponderRelease={[Function]}
    onResponderTerminate={[Function]}
    onResponderTerminationRequest={[Function]}
    onStartShouldSetResponder={[Function]}
    style={
      {
        "alignItems": "center",
        "display": "flex",
        "height": 25,
        "opacity": 1,
        "width": 25,
      }
    }
    testID="star"
  >
    <Image
      source={1}
      style={
        [
          {
            "height": 25,
            "left": 0,
            "position": "absolute",
            "resizeMode": "cover",
            "top": 0,
            "width": 25,
          },
          {
            "tintColor": "dimgray",
          },
        ]
      }
    />
    <View
      style={
        [
          {
            "alignItems": "flex-start",
            "display": "flex",
            "justifyContent": "center",
            "overflow": "hidden",
          },
          {
            "bottom": 0,
            "left": 0,
            "position": "absolute",
            "right": 0,
            "top": 0,
            "width": 25,
          },
        ]
      }
    >
      <Image
        source={1}
        style={
          [
            {
              "height": 25,
              "left": 0,
              "position": "absolute",
              "resizeMode": "cover",
              "top": 0,
              "width": 25,
            },
            {
              "tintColor": "gold",
            },
          ]
        }
      />
    </View>
  </View>
</View>
`;
